
> lmsproto@0.1.0 build
> next build

▲ Next.js 16.2.2 (Turbopack)
- Environments: .env

  Creating an optimized production build ...
Found 13 warnings while optimizing generated CSS:

Issue #1:
[2m│   }[22m
[2m│   .bg-\[var\(--\12 ��\1 -primary-soft\)\] {[22m
[2m│[22m     background-color: var(-- �-primary-soft);
[2m┆[22m                             [33m[2m^--[22m Unexpected token Delim('\u{12}')[39m
[2m┆[22m
[2m│   }[22m
[2m│   .bg-\[var\(--\12 ��\5 -primary-soft\)\] {[22m

Issue #2:
[2m│   }[22m
[2m│   .bg-\[var\(--\12 ��\5 -primary-soft\)\] {[22m
[2m│[22m     background-color: var(-- �-primary-soft);
[2m┆[22m                             [33m[2m^--[22m Unexpected token Delim('\u{12}')[39m
[2m┆[22m
[2m│   }[22m
[2m│   .bg-\[var\(--\13 ��\5 -primary-soft\)\] {[22m

Issue #3:
[2m│   }[22m
[2m│   .bg-\[var\(--\13 ��\5 -primary-soft\)\] {[22m
[2m│[22m     background-color: var(-- �-primary-soft);
[2m┆[22m                             [33m[2m^--[22m Unexpected token Delim('\u{13}')[39m
[2m┆[22m
[2m│   }[22m
[2m│   .bg-\[var\(--background\)\] {[22m

Issue #4:
[2m│   }[22m
[2m│   .bg-\[var\(--brand-\1a ��-strong\)\] {[22m
[2m│[22m     background-color: var(--brand- �-strong);
[2m┆[22m                                   [33m[2m^--[22m Unexpected token Delim('\u{1a}')[39m
[2m┆[22m
[2m│   }[22m
[2m│   .bg-\[var\(--brand-primary-strong\)\] {[22m

Issue #5:
[2m│   }[22m
[2m│   .pb-\[max\(env\(safe-area-\7 \3 \2 \~\4 �\4 \)\,0\.8rem\)\] {[22m
[2m│[22m     padding-bottom: max(env(safe-area-~�), 0.8rem);
[2m┆[22m                                       [33m[2m^--[22m Unexpected token Delim('\u{7}')[39m
[2m┆[22m
[2m│   }[22m
[2m│   .pb-\[max\(env\(safe-area-5\3 \2 �\4 �\4 \)\,0\.8rem\)\] {[22m

Issue #6:
[2m│   }[22m
[2m│   .pb-\[max\(env\(safe-area-5\3 \2 �\4 �\4 \)\,0\.8rem\)\] {[22m
[2m│[22m     padding-bottom: max(env(safe-area-5��), 0.8rem);
[2m┆[22m                                        [33m[2m^--[22m Unexpected token Delim('\u{3}')[39m
[2m┆[22m
[2m│   }[22m
[2m│   .pb-\[max\(env\(safe-area-��\2 \19 \4 �\3 \)\,0\.8rem\)\] {[22m

Issue #7:
[2m│   }[22m
[2m│   .pb-\[max\(env\(safe-area-��\2 \19 \4 �\3 \)\,0\.8rem\)\] {[22m
[2m│[22m     padding-bottom: max(env(safe-area-� �), 0.8rem);
[2m┆[22m                                         [33m[2m^--[22m Unexpected token Delim('\u{2}')[39m
[2m┆[22m
[2m│   }[22m
[2m│   .pb-\[max\(env\(safe-area-��\2 J\4 �\2 \)\,0\.8rem\)\] {[22m

Issue #8:
[2m│   }[22m
[2m│   .pb-\[max\(env\(safe-area-��\2 J\4 �\2 \)\,0\.8rem\)\] {[22m
[2m│[22m     padding-bottom: max(env(safe-area-� J�), 0.8rem);
[2m┆[22m                                         [33m[2m^--[22m Unexpected token Delim('\u{2}')[39m
[2m┆[22m
[2m│   }[22m
[2m│   .pb-\[max\(env\(safe-area-��\2 �\1 �\2 \)\,0\.8rem\)\] {[22m

Issue #9:
[2m│   }[22m
[2m│   .pb-\[max\(env\(safe-area-��\2 �\1 �\2 \)\,0\.8rem\)\] {[22m
[2m│[22m     padding-bottom: max(env(safe-area-� ��), 0.8rem);
[2m┆[22m                                         [33m[2m^--[22m Unexpected token Delim('\u{2}')[39m
[2m┆[22m
[2m│   }[22m
[2m│   .pb-\[max\(env\(safe-area-�\1 \2 c\13 �\)\,2rem\)\] {[22m

Issue #10:
[2m│   }[22m
[2m│   .pb-\[max\(env\(safe-area-�\1 \2 c\13 �\)\,2rem\)\] {[22m
[2m│[22m     padding-bottom: max(env(safe-area-�c�), 2rem);
[2m┆[22m                                        [33m[2m^--[22m Unexpected token Delim('\u{1}')[39m
[2m┆[22m
[2m│   }[22m
[2m│   .pb-\[max\(env\(safe-area-�\1 \2 ���\)\,2rem\)\] {[22m

Issue #11:
[2m│   }[22m
[2m│   .pb-\[max\(env\(safe-area-�\1 \2 ���\)\,2rem\)\] {[22m
[2m│[22m     padding-bottom: max(env(safe-area-�� �), 2rem);
[2m┆[22m                                        [33m[2m^--[22m Unexpected token Delim('\u{1}')[39m
[2m┆[22m
[2m│   }[22m
[2m│   .pb-\[max\(env\(safe-area-�\1 \2 �\10 �\)\,2rem\)\] {[22m

Issue #12:
[2m│   }[22m
[2m│   .pb-\[max\(env\(safe-area-�\1 \2 �\10 �\)\,2rem\)\] {[22m
[2m│[22m     padding-bottom: max(env(safe-area-���), 2rem);
[2m┆[22m                                        [33m[2m^--[22m Unexpected token Delim('\u{1}')[39m
[2m┆[22m
[2m│   }[22m
[2m│   .pb-\[max\(env\(safe-area-�\4 \2 ���\)\,2rem\)\] {[22m

Issue #13:
[2m│   }[22m
[2m│   .pb-\[max\(env\(safe-area-�\4 \2 ���\)\,2rem\)\] {[22m
[2m│[22m     padding-bottom: max(env(safe-area-�� �), 2rem);
[2m┆[22m                                        [33m[2m^--[22m Unexpected token Delim('\u{4}')[39m
[2m┆[22m
[2m│   }[22m
[2m│   .pb-\[�i�env\(safe-area-��\2 �\1 ��\)\,0\.8rem\)\] {[22m

CssSyntaxError: /Users/vedansh/Downloads/lmsproto/src/app/globals.css:2:61283: Missed semicolon
    [2mat Input.error (node_modules/postcss/lib/input.js:135:16) [/Users/vedansh/Downloads/lmsproto/Users/vedansh/.lmsproto-next/build/chunks/node_modules_13sb.px._.js:4667:22][0m
    [2mat error (node_modules/postcss/lib/parser.js:138:22) [/Users/vedansh/Downloads/lmsproto/Users/vedansh/.lmsproto-next/build/chunks/node_modules_13sb.px._.js:5455:26][0m
    [2mat checkMissedSemicolon (node_modules/postcss/lib/parser.js:296:12) [/Users/vedansh/Downloads/lmsproto/Users/vedansh/.lmsproto-next/build/chunks/node_modules_13sb.px._.js:5588:18][0m
    [2mat decl (node_modules/postcss/lib/parser.js:435:12) [/Users/vedansh/Downloads/lmsproto/Users/vedansh/.lmsproto-next/build/chunks/node_modules_13sb.px._.js:5711:18][0m
    [2mat other (node_modules/postcss/lib/parser.js:472:16) [/Users/vedansh/Downloads/lmsproto/Users/vedansh/.lmsproto-next/build/chunks/node_modules_13sb.px._.js:5740:26][0m
    [2mat parse (node_modules/postcss/lib/parse.js:11:12) [/Users/vedansh/Downloads/lmsproto/Users/vedansh/.lmsproto-next/build/chunks/node_modules_13sb.px._.js:5877:16][0m
    [2m[at Object.Once (/Users/vedansh/Downloads/lmsproto/node_modules/@tailwindcss/postcss/dist/index.js:10:6195)][0m
    [2mat async LazyResult.runAsync (node_modules/postcss/lib/lazy-result.js:293:11) [/Users/vedansh/Downloads/lmsproto/Users/vedansh/.lmsproto-next/build/chunks/node_modules_13sb.px._.js:6230:21][0m
    [2mat async transform (turbopack:///[turbopack-node]/transforms/postcss.ts:70:34) [/Users/vedansh/Downloads/lmsproto/Users/vedansh/.lmsproto-next/build/chunks/[root-of-the-server]__0d-m0h0._.js:146:36][0m
    [2mat async run (turbopack:///[turbopack-node]/child_process/evaluate.ts:89:23) [/Users/vedansh/Downloads/lmsproto/Users/vedansh/.lmsproto-next/build/chunks/[root-of-the-server]__0ubbtyl._.js:443:31][0m {
  reason: 'Missed semicolon',
  file: '/Users/vedansh/Downloads/lmsproto/src/app/globals.css',
  source: '/*! tailwindcss v4.2.2 | MIT License | https://tailwindcss.com */\n' +
    '@layer properties{@supports (((-webkit-hyphens:none)) and (not (margin-trim:inline))) or ((-moz-orient:inline) and (not (color:rgb(from red r g b)))){*,:before,:after,::backdrop{--tw-translate-x:0;--tw-translate-y:0;--tw-translate-z:0;--tw-scale-x:1;--tw-scale-y:1;--tw-scale-z:1;--tw-rotate-x:initial;--tw-rotate-y:initial;--tw-rotate-z:initial;--tw-skew-x:initial;--tw-skew-y:initial;--tw-scroll-snap-strictness:proximity;--tw-space-y-reverse:0;--tw-divide-y-reverse:0;--tw-border-style:solid;--tw-gradient-position:initial;--tw-gradient-from:#0000;--tw-gradient-via:#0000;--tw-gradient-to:#0000;--tw-gradient-stops:initial;--tw-gradient-via-stops:initial;--tw-gradient-from-position:0%;--tw-gradient-via-position:50%;--tw-gradient-to-position:100%;--tw-leading:initial;--tw-font-weight:initial;--tw-tracking:initial;--tw-ordinal:initial;--tw-slashed-zero:initial;--tw-numeric-figure:initial;--tw-numeric-spacing:initial;--tw-numeric-fraction:initial;--tw-shadow:0 0 #0000;--tw-shadow-color:initial;--tw-shadow-alpha:100%;--tw-inset-shadow:0 0 #0000;--tw-inset-shadow-color:initial;--tw-inset-shadow-alpha:100%;--tw-ring-color:initial;--tw-ring-shadow:0 0 #0000;--tw-inset-ring-color:initial;--tw-inset-ring-shadow:0 0 #0000;--tw-ring-inset:initial;--tw-ring-offset-width:0px;--tw-ring-offset-color:#fff;--tw-ring-offset-shadow:0 0 #0000;--tw-outline-style:solid;--tw-blur:initial;--tw-brightness:initial;--tw-contrast:initial;--tw-grayscale:initial;--tw-hue-rotate:initial;--tw-invert:initial;--tw-opacity:initial;--tw-saturate:initial;--tw-sepia:initial;--tw-drop-shadow:initial;--tw-drop-shadow-color:initial;--tw-drop-shadow-alpha:100%;--tw-drop-shadow-size:initial;--tw-backdrop-blur:initial;--tw-backdrop-brightness:initial;--tw-backdrop-contrast:initial;--tw-backdrop-grayscale:initial;--tw-backdrop-hue-rotate:initial;--tw-backdrop-invert:initial;--tw-backdrop-opacity:initial;--tw-backdrop-saturate:initial;--tw-backdrop-sepia:initial;--tw-duration:initial;--tw-ease:initial}}}@layer theme{:root,:host{--font-sans:var(--font-app-sans);--font-mono:var(--font-app-mono);--color-red-50:oklch(97.1% .013 17.38);--color-red-100:oklch(93.6% .032 17.717);--color-red-200:oklch(88.5% .062 18.334);--color-red-300:oklch(80.8% .114 19.571);--color-red-400:oklch(70.4% .191 22.216);--color-red-500:oklch(63.7% .237 25.331);--color-red-600:oklch(57.7% .245 27.325);--color-red-700:oklch(50.5% .213 27.518);--color-red-800:oklch(44.4% .177 26.899);--color-red-900:oklch(39.6% .141 25.723);--color-orange-50:oklch(98% .016 73.684);--color-orange-100:oklch(95.4% .038 75.164);--color-orange-500:oklch(70.5% .213 47.604);--color-orange-600:oklch(64.6% .222 41.116);--color-orange-700:oklch(55.3% .195 38.402);--color-amber-50:oklch(98.7% .022 95.277);--color-amber-100:oklch(96.2% .059 95.617);--color-amber-200:oklch(92.4% .12 95.746);--color-amber-300:oklch(87.9% .169 91.605);--color-amber-400:oklch(82.8% .189 84.429);--color-amber-500:oklch(76.9% .188 70.08);--color-amber-600:oklch(66.6% .179 58.318);--color-amber-700:oklch(55.5% .163 48.998);--color-amber-800:oklch(47.3% .137 46.201);--color-amber-900:oklch(41.4% .112 45.904);--color-yellow-50:oklch(98.7% .026 102.212);--color-yellow-100:oklch(97.3% .071 103.193);--color-yellow-200:oklch(94.5% .129 101.54);--color-yellow-300:oklch(90.5% .182 98.111);--color-yellow-700:oklch(55.4% .135 66.442);--color-yellow-800:oklch(47.6% .114 61.907);--color-green-50:oklch(98.2% .018 155.826);--color-green-100:oklch(96.2% .044 156.743);--color-green-200:oklch(92.5% .084 155.995);--color-green-300:oklch(87.1% .15 154.449);--color-green-400:oklch(79.2% .209 151.711);--color-green-500:oklch(72.3% .219 149.579);--color-green-600:oklch(62.7% .194 149.214);--color-green-700:oklch(52.7% .154 150.069);--color-green-800:oklch(44.8% .119 151.328);--color-green-900:oklch(39.3% .095 152.535);--color-emerald-50:oklch(97.9% .021 166.113);--color-emerald-100:oklch(95% .052 163.051);--color-emerald-200:oklch(90.5% .093 164.15);--color-emerald-600:oklch(59.6% .145 163.225);--color-emerald-700:oklch(50.8% .118 165.612);--color-emerald-800:oklch(43.2% .095 166.913);--color-emerald-900:oklch(37.8% .077 168.94);--color-teal-100:oklch(95.3% .051 180.801);--color-teal-700:oklch(51.1% .096 186.391);--color-sky-50:oklch(97.7% .013 236.62);--color-sky-100:oklch(95.1% .026 236.824);--color-sky-700:oklch(50% .134 242.749);--color-blue-50:oklch(97% .014 254.604);--color-blue-100:oklch(93.2% .032 255.585);--color-blue-200:oklch(88.2% .059 254.128);--color-blue-300:oklch(80.9% .105 251.813);--color-blue-400:oklch(70.7% .165 254.624);--color-blue-500:oklch(62.3% .214 259.815);--color-blue-600:oklch(54.6% .245 262.881);--color-blue-700:oklch(48.8% .243 264.376);--color-blue-800:oklch(42.4% .199 265.638);--color-blue-900:oklch(37.9% .146 265.522);--color-indigo-100:oklch(93% .034 272.788);--color-indigo-700:oklch(45.7% .24 277.023);--color-violet-50:oklch(96.9% .016 293.756);--color-violet-100:oklch(94.3% .029 294.588);--color-violet-200:oklch(89.4% .057 293.283);--color-violet-500:oklch(60.6% .25 292.717);--color-violet-600:oklch(54.1% .281 293.009);--color-violet-700:oklch(49.1% .27 292.581);--color-purple-50:oklch(97.7% .014 308.299);--color-purple-100:oklch(94.6% .033 307.174);--color-purple-600:oklch(55.8% .288 302.321);--color-purple-700:oklch(49.6% .265 301.924);--color-rose-100:oklch(94.1% .03 12.58);--color-rose-700:oklch(51.4% .222 16.935);--color-slate-100:oklch(96.8% .007 247.896);--color-slate-200:oklch(92.9% .013 255.508);--color-slate-500:oklch(55.4% .046 257.417);--color-slate-600:oklch(44.6% .043 257.281);--color-slate-700:oklch(37.2% .044 257.287);--color-gray-50:oklch(98.5% .002 247.839);--color-gray-100:oklch(96.7% .003 264.542);--color-gray-200:oklch(92.8% .006 264.531);--color-gray-300:oklch(87.2% .01 258.338);--color-gray-400:oklch(70.7% .022 261.325);--color-gray-500:oklch(55.1% .027 264.364);--color-gray-600:oklch(44.6% .03 256.802);--color-gray-700:oklch(37.3% .034 259.733);--color-gray-800:oklch(27.8% .033 256.848);--color-gray-900:oklch(21% .034 264.665);--color-black:#000;--color-white:#fff;--spacing:.25rem;--container-sm:24rem;--container-md:28rem;--container-lg:32rem;--container-xl:36rem;--container-2xl:42rem;--container-3xl:48rem;--container-4xl:56rem;--container-5xl:64rem;--container-6xl:72rem;--container-7xl:80rem;--text-xs:.75rem;--text-xs--line-height:calc(1 / .75);--text-sm:.875rem;--text-sm--line-height:calc(1.25 / .875);--text-base:1rem;--text-base--line-height:calc(1.5 / 1);--text-lg:1.125rem;--text-lg--line-height:calc(1.75 / 1.125);--text-xl:1.25rem;--text-xl--line-height:calc(1.75 / 1.25);--text-2xl:1.5rem;--text-2xl--line-height:calc(2 / 1.5);--text-3xl:1.875rem;--text-3xl--line-height:calc(2.25 / 1.875);--text-4xl:2.25rem;--text-4xl--line-height:calc(2.5 / 2.25);--text-6xl:3.75rem;--text-6xl--line-height:1;--text-8xl:6rem;--text-8xl--line-height:1;--font-weight-normal:400;--font-weight-medium:500;--font-weight-semibold:600;--font-weight-bold:700;--font-weight-extrabold:800;--font-weight-black:900;--tracking-tighter:-.05em;--tracking-tight:-.025em;--tracking-wide:.025em;--tracking-wider:.05em;--tracking-widest:.1em;--leading-tight:1.25;--leading-snug:1.375;--leading-normal:1.5;--leading-relaxed:1.625;--radius-sm:.25rem;--radius-md:.375rem;--radius-lg:.5rem;--radius-xl:.75rem;--radius-2xl:1rem;--radius-3xl:1.5rem;--shadow-sm:0 1px 3px 0 #0000001a, 0 1px 2px -1px #0000001a;--shadow-md:0 4px 6px -1px #0000001a, 0 2px 4px -2px #0000001a;--shadow-lg:0 10px 15px -3px #0000001a, 0 4px 6px -4px #0000001a;--shadow-xl:0 20px 25px -5px #0000001a, 0 8px 10px -6px #0000001a;--shadow-2xl:0 25px 50px -12px #00000040;--drop-shadow-sm:0 1px 2px #00000026;--drop-shadow-lg:0 4px 4px #00000026;--drop-shadow-xl:0 9px 7px #0000001a;--drop-shadow-2xl:0 25px 25px #00000026;--ease-in:cubic-bezier(.4, 0, 1, 1);--ease-out:cubic-bezier(0, 0, .2, 1);--ease-in-out:cubic-bezier(.4, 0, .2, 1);--animate-spin:spin 1s linear infinite;--animate-pulse:pulse 2s cubic-bezier(.4, 0, .6, 1) infinite;--blur-sm:8px;--blur-md:12px;--blur-xl:24px;--blur-2xl:40px;--blur-3xl:64px;--default-transition-duration:.15s;--default-transition-timing-function:cubic-bezier(.4, 0, .2, 1);--default-font-family:var(--font-app-sans);--default-mono-font-family:var(--font-app-mono);--color-primary-blue:var(--primary-blue);--color-primary-dark-blue:var(--primary-dark-blue);--color-primary-light-blue:var(--primary-light-blue);--color-accent-gold:var(--accent-gold);--color-accent-yellow:var(--accent-yellow);--color-status-success:var(--status-success);--color-status-warning:var(--status-warning);--color-status-error:var(--status-error);--color-status-mentor:var(--status-mentor)}}@layer base{*,:after,:before,::backdrop{box-sizing:border-box;border:0 solid;margin:0;padding:0}::file-selector-button{box-sizing:border-box;border:0 solid;margin:0;padding:0}html,:host{-webkit-text-size-adjust:100%;tab-size:4;line-height:1.5;font-family:var(--default-font-family,ui-sans-serif, system-ui, sans-serif, "Apple Color Emoji", "Segoe UI Emoji", "Segoe UI Symbol", "Noto Color Emoji");font-feature-settings:var(--default-font-feature-settings,normal);font-variation-settings:var(--default-font-variation-settings,normal);-webkit-tap-highlight-color:transparent}hr{height:0;color:inherit;border-top-width:1px}abbr:where([title]){-webkit-text-decoration:underline dotted;text-decoration:underline dotted}h1,h2,h3,h4,h5,h6{font-size:inherit;font-weight:inherit}a{color:inherit;-webkit-text-decoration:inherit;-webkit-text-decoration:inherit;-webkit-text-decoration:inherit;text-decoration:inherit}b,strong{font-weight:bolder}code,kbd,samp,pre{font-family:var(--default-mono-font-family,ui-monospace, SFMono-Regular, Menlo, Monaco, Consolas, "Liberation Mono", "Courier New", monospace);font-feature-settings:var(--default-mono-font-feature-settings,normal);font-variation-settings:var(--default-mono-font-variation-settings,normal);font-size:1em}small{'... 263206 more characters,
  line: 2,
  column: 61283,
  input: {
    column: 61283,
    endColumn: undefined,
    endLine: undefined,
    endOffset: undefined,
    line: 2,
    offset: 61348,
    source: '/*! tailwindcss v4.2.2 | MIT License | https://tailwindcss.com */\n' +
      '@layer properties{@supports (((-webkit-hyphens:none)) and (not (margin-trim:inline))) or ((-moz-orient:inline) and (not (color:rgb(from red r g b)))){*,:before,:after,::backdrop{--tw-translate-x:0;--tw-translate-y:0;--tw-translate-z:0;--tw-scale-x:1;--tw-scale-y:1;--tw-scale-z:1;--tw-rotate-x:initial;--tw-rotate-y:initial;--tw-rotate-z:initial;--tw-skew-x:initial;--tw-skew-y:initial;--tw-scroll-snap-strictness:proximity;--tw-space-y-reverse:0;--tw-divide-y-reverse:0;--tw-border-style:solid;--tw-gradient-position:initial;--tw-gradient-from:#0000;--tw-gradient-via:#0000;--tw-gradient-to:#0000;--tw-gradient-stops:initial;--tw-gradient-via-stops:initial;--tw-gradient-from-position:0%;--tw-gradient-via-position:50%;--tw-gradient-to-position:100%;--tw-leading:initial;--tw-font-weight:initial;--tw-tracking:initial;--tw-ordinal:initial;--tw-slashed-zero:initial;--tw-numeric-figure:initial;--tw-numeric-spacing:initial;--tw-numeric-fraction:initial;--tw-shadow:0 0 #0000;--tw-shadow-color:initial;--tw-shadow-alpha:100%;--tw-inset-shadow:0 0 #0000;--tw-inset-shadow-color:initial;--tw-inset-shadow-alpha:100%;--tw-ring-color:initial;--tw-ring-shadow:0 0 #0000;--tw-inset-ring-color:initial;--tw-inset-ring-shadow:0 0 #0000;--tw-ring-inset:initial;--tw-ring-offset-width:0px;--tw-ring-offset-color:#fff;--tw-ring-offset-shadow:0 0 #0000;--tw-outline-style:solid;--tw-blur:initial;--tw-brightness:initial;--tw-contrast:initial;--tw-grayscale:initial;--tw-hue-rotate:initial;--tw-invert:initial;--tw-opacity:initial;--tw-saturate:initial;--tw-sepia:initial;--tw-drop-shadow:initial;--tw-drop-shadow-color:initial;--tw-drop-shadow-alpha:100%;--tw-drop-shadow-size:initial;--tw-backdrop-blur:initial;--tw-backdrop-brightness:initial;--tw-backdrop-contrast:initial;--tw-backdrop-grayscale:initial;--tw-backdrop-hue-rotate:initial;--tw-backdrop-invert:initial;--tw-backdrop-opacity:initial;--tw-backdrop-saturate:initial;--tw-backdrop-sepia:initial;--tw-duration:initial;--tw-ease:initial}}}@layer theme{:root,:host{--font-sans:var(--font-app-sans);--font-mono:var(--font-app-mono);--color-red-50:oklch(97.1% .013 17.38);--color-red-100:oklch(93.6% .032 17.717);--color-red-200:oklch(88.5% .062 18.334);--color-red-300:oklch(80.8% .114 19.571);--color-red-400:oklch(70.4% .191 22.216);--color-red-500:oklch(63.7% .237 25.331);--color-red-600:oklch(57.7% .245 27.325);--color-red-700:oklch(50.5% .213 27.518);--color-red-800:oklch(44.4% .177 26.899);--color-red-900:oklch(39.6% .141 25.723);--color-orange-50:oklch(98% .016 73.684);--color-orange-100:oklch(95.4% .038 75.164);--color-orange-500:oklch(70.5% .213 47.604);--color-orange-600:oklch(64.6% .222 41.116);--color-orange-700:oklch(55.3% .195 38.402);--color-amber-50:oklch(98.7% .022 95.277);--color-amber-100:oklch(96.2% .059 95.617);--color-amber-200:oklch(92.4% .12 95.746);--color-amber-300:oklch(87.9% .169 91.605);--color-amber-400:oklch(82.8% .189 84.429);--color-amber-500:oklch(76.9% .188 70.08);--color-amber-600:oklch(66.6% .179 58.318);--color-amber-700:oklch(55.5% .163 48.998);--color-amber-800:oklch(47.3% .137 46.201);--color-amber-900:oklch(41.4% .112 45.904);--color-yellow-50:oklch(98.7% .026 102.212);--color-yellow-100:oklch(97.3% .071 103.193);--color-yellow-200:oklch(94.5% .129 101.54);--color-yellow-300:oklch(90.5% .182 98.111);--color-yellow-700:oklch(55.4% .135 66.442);--color-yellow-800:oklch(47.6% .114 61.907);--color-green-50:oklch(98.2% .018 155.826);--color-green-100:oklch(96.2% .044 156.743);--color-green-200:oklch(92.5% .084 155.995);--color-green-300:oklch(87.1% .15 154.449);--color-green-400:oklch(79.2% .209 151.711);--color-green-500:oklch(72.3% .219 149.579);--color-green-600:oklch(62.7% .194 149.214);--color-green-700:oklch(52.7% .154 150.069);--color-green-800:oklch(44.8% .119 151.328);--color-green-900:oklch(39.3% .095 152.535);--color-emerald-50:oklch(97.9% .021 166.113);--color-emerald-100:oklch(95% .052 163.051);--color-emerald-200:oklch(90.5% .093 164.15);--color-emerald-600:oklch(59.6% .145 163.225);--color-emerald-700:oklch(50.8% .118 165.612);--color-emerald-800:oklch(43.2% .095 166.913);--color-emerald-900:oklch(37.8% .077 168.94);--color-teal-100:oklch(95.3% .051 180.801);--color-teal-700:oklch(51.1% .096 186.391);--color-sky-50:oklch(97.7% .013 236.62);--color-sky-100:oklch(95.1% .026 236.824);--color-sky-700:oklch(50% .134 242.749);--color-blue-50:oklch(97% .014 254.604);--color-blue-100:oklch(93.2% .032 255.585);--color-blue-200:oklch(88.2% .059 254.128);--color-blue-300:oklch(80.9% .105 251.813);--color-blue-400:oklch(70.7% .165 254.624);--color-blue-500:oklch(62.3% .214 259.815);--color-blue-600:oklch(54.6% .245 262.881);--color-blue-700:oklch(48.8% .243 264.376);--color-blue-800:oklch(42.4% .199 265.638);--color-blue-900:oklch(37.9% .146 265.522);--color-indigo-100:oklch(93% .034 272.788);--color-indigo-700:oklch(45.7% .24 277.023);--color-violet-50:oklch(96.9% .016 293.756);--color-violet-100:oklch(94.3% .029 294.588);--color-violet-200:oklch(89.4% .057 293.283);--color-violet-500:oklch(60.6% .25 292.717);--color-violet-600:oklch(54.1% .281 293.009);--color-violet-700:oklch(49.1% .27 292.581);--color-purple-50:oklch(97.7% .014 308.299);--color-purple-100:oklch(94.6% .033 307.174);--color-purple-600:oklch(55.8% .288 302.321);--color-purple-700:oklch(49.6% .265 301.924);--color-rose-100:oklch(94.1% .03 12.58);--color-rose-700:oklch(51.4% .222 16.935);--color-slate-100:oklch(96.8% .007 247.896);--color-slate-200:oklch(92.9% .013 255.508);--color-slate-500:oklch(55.4% .046 257.417);--color-slate-600:oklch(44.6% .043 257.281);--color-slate-700:oklch(37.2% .044 257.287);--color-gray-50:oklch(98.5% .002 247.839);--color-gray-100:oklch(96.7% .003 264.542);--color-gray-200:oklch(92.8% .006 264.531);--color-gray-300:oklch(87.2% .01 258.338);--color-gray-400:oklch(70.7% .022 261.325);--color-gray-500:oklch(55.1% .027 264.364);--color-gray-600:oklch(44.6% .03 256.802);--color-gray-700:oklch(37.3% .034 259.733);--color-gray-800:oklch(27.8% .033 256.848);--color-gray-900:oklch(21% .034 264.665);--color-black:#000;--color-white:#fff;--spacing:.25rem;--container-sm:24rem;--container-md:28rem;--container-lg:32rem;--container-xl:36rem;--container-2xl:42rem;--container-3xl:48rem;--container-4xl:56rem;--container-5xl:64rem;--container-6xl:72rem;--container-7xl:80rem;--text-xs:.75rem;--text-xs--line-height:calc(1 / .75);--text-sm:.875rem;--text-sm--line-height:calc(1.25 / .875);--text-base:1rem;--text-base--line-height:calc(1.5 / 1);--text-lg:1.125rem;--text-lg--line-height:calc(1.75 / 1.125);--text-xl:1.25rem;--text-xl--line-height:calc(1.75 / 1.25);--text-2xl:1.5rem;--text-2xl--line-height:calc(2 / 1.5);--text-3xl:1.875rem;--text-3xl--line-height:calc(2.25 / 1.875);--text-4xl:2.25rem;--text-4xl--line-height:calc(2.5 / 2.25);--text-6xl:3.75rem;--text-6xl--line-height:1;--text-8xl:6rem;--text-8xl--line-height:1;--font-weight-normal:400;--font-weight-medium:500;--font-weight-semibold:600;--font-weight-bold:700;--font-weight-extrabold:800;--font-weight-black:900;--tracking-tighter:-.05em;--tracking-tight:-.025em;--tracking-wide:.025em;--tracking-wider:.05em;--tracking-widest:.1em;--leading-tight:1.25;--leading-snug:1.375;--leading-normal:1.5;--leading-relaxed:1.625;--radius-sm:.25rem;--radius-md:.375rem;--radius-lg:.5rem;--radius-xl:.75rem;--radius-2xl:1rem;--radius-3xl:1.5rem;--shadow-sm:0 1px 3px 0 #0000001a, 0 1px 2px -1px #0000001a;--shadow-md:0 4px 6px -1px #0000001a, 0 2px 4px -2px #0000001a;--shadow-lg:0 10px 15px -3px #0000001a, 0 4px 6px -4px #0000001a;--shadow-xl:0 20px 25px -5px #0000001a, 0 8px 10px -6px #0000001a;--shadow-2xl:0 25px 50px -12px #00000040;--drop-shadow-sm:0 1px 2px #00000026;--drop-shadow-lg:0 4px 4px #00000026;--drop-shadow-xl:0 9px 7px #0000001a;--drop-shadow-2xl:0 25px 25px #00000026;--ease-in:cubic-bezier(.4, 0, 1, 1);--ease-out:cubic-bezier(0, 0, .2, 1);--ease-in-out:cubic-bezier(.4, 0, .2, 1);--animate-spin:spin 1s linear infinite;--animate-pulse:pulse 2s cubic-bezier(.4, 0, .6, 1) infinite;--blur-sm:8px;--blur-md:12px;--blur-xl:24px;--blur-2xl:40px;--blur-3xl:64px;--default-transition-duration:.15s;--default-transition-timing-function:cubic-bezier(.4, 0, .2, 1);--default-font-family:var(--font-app-sans);--default-mono-font-family:var(--font-app-mono);--color-primary-blue:var(--primary-blue);--color-primary-dark-blue:var(--primary-dark-blue);--color-primary-light-blue:var(--primary-light-blue);--color-accent-gold:var(--accent-gold);--color-accent-yellow:var(--accent-yellow);--color-status-success:var(--status-success);--color-status-warning:var(--status-warning);--color-status-error:var(--status-error);--color-status-mentor:var(--status-mentor)}}@layer base{*,:after,:before,::backdrop{box-sizing:border-box;border:0 solid;margin:0;padding:0}::file-selector-button{box-sizing:border-box;border:0 solid;margin:0;padding:0}html,:host{-webkit-text-size-adjust:100%;tab-size:4;line-height:1.5;font-family:var(--default-font-family,ui-sans-serif, system-ui, sans-serif, "Apple Color Emoji", "Segoe UI Emoji", "Segoe UI Symbol", "Noto Color Emoji");font-feature-settings:var(--default-font-feature-settings,normal);font-variation-settings:var(--default-font-variation-settings,normal);-webkit-tap-highlight-color:transparent}hr{height:0;color:inherit;border-top-width:1px}abbr:where([title]){-webkit-text-decoration:underline dotted;text-decoration:underline dotted}h1,h2,h3,h4,h5,h6{font-size:inherit;font-weight:inherit}a{color:inherit;-webkit-text-decoration:inherit;-webkit-text-decoration:inherit;-webkit-text-decoration:inherit;text-decoration:inherit}b,strong{font-weight:bolder}code,kbd,samp,pre{font-family:var(--default-mono-font-family,ui-monospace, SFMono-Regular, Menlo, Monaco, Consolas, "Liberation Mono", "Courier New", monospace);font-feature-settings:var(--default-mono-font-feature-settings,normal);font-variation-settings:var(--default-mono-font-variation-settings,normal);font-size:1em}small{'... 263206 more characters,
    url: 'file:///Users/vedansh/Downloads/lmsproto/src/app/globals.css',
    file: '/Users/vedansh/Downloads/lmsproto/src/app/globals.css'
  }
}

> Build error occurred
Error: Turbopack build failed with 1 errors:
./src/app/globals.css
Error evaluating Node.js code
CssSyntaxError: tailwindcss: /Users/vedansh/Downloads/lmsproto/src/app/globals.css:1:1: /Users/vedansh/Downloads/lmsproto/src/app/globals.css:2:61283: Missed semicolon
    at Input.error (node_modules/postcss/lib/input.js:135:16) [/Users/vedansh/Downloads/lmsproto/Users/vedansh/.lmsproto-next/build/chunks/node_modules_13sb.px._.js:4667:22]
    at error (node_modules/postcss/lib/node.js:146:32) [/Users/vedansh/Downloads/lmsproto/Users/vedansh/.lmsproto-next/build/chunks/node_modules_13sb.px._.js:943:38]
    [at Object.Once (/Users/vedansh/Downloads/lmsproto/node_modules/@tailwindcss/postcss/dist/index.js:10:6913)]
    at async LazyResult.runAsync (node_modules/postcss/lib/lazy-result.js:293:11) [/Users/vedansh/Downloads/lmsproto/Users/vedansh/.lmsproto-next/build/chunks/node_modules_13sb.px._.js:6230:21]
    at async transform (turbopack:///[turbopack-node]/transforms/postcss.ts:70:34) [/Users/vedansh/Downloads/lmsproto/Users/vedansh/.lmsproto-next/build/chunks/[root-of-the-server]__0d-m0h0._.js:146:36]
    at async run (turbopack:///[turbopack-node]/child_process/evaluate.ts:89:23) [/Users/vedansh/Downloads/lmsproto/Users/vedansh/.lmsproto-next/build/chunks/[root-of-the-server]__0ubbtyl._.js:443:31]

Import trace:
  Client Component Browser:
    ./src/app/globals.css [Client Component Browser]
    ./src/app/layout.tsx [Server Component]


    at async transform (turbopack:///[turbopack-node]/transforms/postcss.ts:70:34) [/Users/vedansh/Downloads/lmsproto/Users/vedansh/.lmsproto-next/build/chunks/[root-of-the-server]__0d-m0h0._.js:146:36])
    at async run (turbopack:///[turbopack-node]/child_process/evaluate.ts:89:23) [/Users/vedansh/Downloads/lmsproto/Users/vedansh/.lmsproto-next/build/chunks/[root-of-the-server]__0ubbtyl._.js:443:31])
